// Jest Snapshot v1, https://goo.gl/fbAQLP

exports[`<Navigate> with an absolute href navigates to the correct URL 1`] = `
<div
  className="page mainPage"
>
  <h3>
    Welcome to Reed Mahjong!
  </h3>
  <hr />
  <div
    className="createRoomButton"
  >
    <button
      className="button"
      onClick={[Function]}
      type="button"
    >
      Create a Game!
    </button>
  </div>
  <br />
  <div
    className="joinRoom"
  >
    <form
      onSubmit={[Function]}
    >
      <label>
        <span>
          Room Code: 
        </span>
        <input
          maxLength={8}
          minLength={8}
          onChange={[Function]}
          pattern="[0-9]{8}"
          type="text"
          value={0}
        />
      </label>
      <input
        className="button"
        type="submit"
        value="Submit"
      />
    </form>
  </div>
</div>
`;
